// Jest Snapshot v1, https://goo.gl/fbAQLP

exports[`renders correctly 1`] = `
<div
  className="makeStyles-root-1"
>
  <button
    className="MuiButtonBase-root makeStyles-image-2"
    disabled={false}
    onBlur={[Function]}
    onClick={[Function]}
    onDragLeave={[Function]}
    onFocus={[Function]}
    onKeyDown={[Function]}
    onKeyUp={[Function]}
    onMouseDown={[Function]}
    onMouseLeave={[Function]}
    onMouseUp={[Function]}
    onTouchEnd={[Function]}
    onTouchMove={[Function]}
    onTouchStart={[Function]}
    tabIndex={0}
    type="button"
  >
    <span
      className="makeStyles-imageSrc-5"
      style={
        Object {
          "backgroundImage": "url(./dummy)",
        }
      }
    />
    <span
      className="makeStyles-imageBackdrop-6"
    />
    <span
      className="makeStyles-imageButton-4"
    >
      <span
        className="MuiTypography-root makeStyles-imageTitle-7 MuiTypography-subtitle1 MuiTypography-colorInherit"
      >
        dummy
        <span
          className="makeStyles-imageMarked-8"
        />
      </span>
    </span>
  </button>
</div>
`;
